{
    "Text B": "Text B",
    "Text A": "Text A"
}
