{
    "var5": "",
    "var1": "",
    "var2": "",
    "var6": "",
    "var3": "",
    "var4": ""
}
