{
    "Text A": "Text A",
    "Text B": "Text B"
}
